docker :  Image desktop-app Building 
At line:1 char:1
+ docker compose -f desktop/docker-compose-desktop.yml up -d --build 2> ...
+ ~~~~~~~~~~~~~~~~~~~~~~~~~~~~~~~~~~~~~~~~~~~~~~~~~~~~~~~~~~~~~~~~~~~~~
    + CategoryInfo          : NotSpecified: ( Image desktop-app Building :Stri 
   ng) [], RemoteException
    + FullyQualifiedErrorId : NativeCommandError
 
#1 [internal] load local bake definitions
#1 reading from stdin 548B done
#1 DONE 0.0s

#2 [internal] load build definition from Dockerfile
#2 transferring dockerfile: 1.81kB done
#2 DONE 0.0s

#3 [auth] library/python:pull token for registry-1.docker.io
#3 DONE 0.0s

#4 [internal] load metadata for docker.io/library/python:3.11-slim
#4 DONE 0.5s

#5 [ 1/10] FROM docker.io/library/python:3.11-slim@sha256:233de06753d30d120b1a3ce359d8d3be8bda78524cd8f520c99883bfe33964cf
#5 resolve docker.io/library/python:3.11-slim@sha256:233de06753d30d120b1a3ce359d8d3be8bda78524cd8f520c99883bfe33964cf 0.0s done
#5 DONE 0.0s

#6 [internal] load .dockerignore
#6 transferring context: 2B done
#6 DONE 0.0s

#7 [internal] load build context
#7 transferring context: 329.94kB 0.2s done
#7 DONE 0.2s

#8 [ 6/10] COPY desktop/main.py ./main.py
#8 CACHED

#9 [ 7/10] COPY desktop/src ./src
#9 DONE 0.2s

#10 [ 8/10] COPY server /app/server
#10 DONE 0.6s

#11 [ 9/10] RUN python -m pip install --upgrade pip setuptools wheel &&     pip install -r ./requirements.txt
#11 1.765 Requirement already satisfied: pip in /usr/local/lib/python3.11/site-packages (24.0)
#11 1.911 Collecting pip
#11 1.983   Downloading pip-26.0.1-py3-none-any.whl.metadata (4.7 kB)
#11 1.986 Requirement already satisfied: setuptools in /usr/local/lib/python3.11/site-packages (79.0.1)
#11 2.206 Collecting setuptools
#11 2.222   Downloading setuptools-82.0.1-py3-none-any.whl.metadata (6.5 kB)
#11 2.227 Requirement already satisfied: wheel in /usr/local/lib/python3.11/site-packages (0.45.1)
#11 2.278 Collecting wheel
#11 2.294   Downloading wheel-0.46.3-py3-none-any.whl.metadata (2.4 kB)
#11 2.362 Collecting packaging>=24.0 (from wheel)
#11 2.380   Downloading packaging-26.1-py3-none-any.whl.metadata (3.5 kB)
#11 2.406 Downloading pip-26.0.1-py3-none-any.whl (1.8 MB)
#11 2.692    ΓöüΓöüΓöüΓöüΓöüΓöüΓöüΓöüΓöüΓöüΓöüΓöüΓöüΓöüΓöüΓöüΓöüΓöüΓöüΓöüΓöüΓöüΓöüΓöüΓöüΓöüΓöüΓöüΓöüΓöüΓöüΓöüΓöüΓöüΓöüΓöüΓöüΓöüΓöüΓöü 1.8/1.8 MB 6.4 MB/s eta 0:00:00
#11 2.710 Downloading setuptools-82.0.1-py3-none-any.whl (1.0 MB)
#11 2.840    ΓöüΓöüΓöüΓöüΓöüΓöüΓöüΓöüΓöüΓöüΓöüΓöüΓöüΓöüΓöüΓöüΓöüΓöüΓöüΓöüΓöüΓöüΓöüΓöüΓöüΓöüΓöüΓöüΓöüΓöüΓöüΓöüΓöüΓöüΓöüΓöüΓöüΓöüΓöüΓöü 1.0/1.0 MB 8.2 MB/s eta 0:00:00
#11 2.876 Downloading wheel-0.46.3-py3-none-any.whl (30 kB)
#11 2.891 Downloading packaging-26.1-py3-none-any.whl (95 kB)
#11 2.898    ΓöüΓöüΓöüΓöüΓöüΓöüΓöüΓöüΓöüΓöüΓöüΓöüΓöüΓöüΓöüΓöüΓöüΓöüΓöüΓöüΓöüΓöüΓöüΓöüΓöüΓöüΓöüΓöüΓöüΓöüΓöüΓöüΓöüΓöüΓöüΓöüΓöüΓöüΓöüΓöü 95.8/95.8 kB 24.8 MB/s eta 0:00:00
#11 3.011 Installing collected packages: setuptools, pip, packaging, wheel
#11 3.011   Attempting uninstall: setuptools
#11 3.015     Found existing installation: setuptools 79.0.1
#11 3.050     Uninstalling setuptools-79.0.1:
#11 3.209       Successfully uninstalled setuptools-79.0.1
#11 3.862   Attempting uninstall: pip
#11 3.865     Found existing installation: pip 24.0
#11 3.904     Uninstalling pip-24.0:
#11 4.042       Successfully uninstalled pip-24.0
#11 4.915   Attempting uninstall: wheel
#11 4.917     Found existing installation: wheel 0.45.1
#11 4.921     Uninstalling wheel-0.45.1:
#11 4.935       Successfully uninstalled wheel-0.45.1
#11 4.968 Successfully installed packaging-26.1 pip-26.0.1 setuptools-82.0.1 wheel-0.46.3
#11 4.968 WARNING: Running pip as the 'root' user can result in broken permissions and conflicting behaviour with the system package manager. It is recommended to use a virtual environment instead: https://pip.pypa.io/warnings/venv
#11 6.010 Collecting numpy<2.0,>=1.24 (from -r ./requirements.txt (line 5))
#11 6.066   Downloading numpy-1.26.4-cp311-cp311-manylinux_2_17_x86_64.manylinux2014_x86_64.whl.metadata (61 kB)
#11 6.229 Collecting pandas<3.0,>=2.0 (from -r ./requirements.txt (line 6))
#11 6.243   Downloading pandas-2.3.3-cp311-cp311-manylinux_2_24_x86_64.manylinux_2_28_x86_64.whl.metadata (91 kB)
#11 6.315 Collecting pandas-market-calendars>=4.4 (from -r ./requirements.txt (line 7))
#11 6.331   Downloading pandas_market_calendars-5.3.2-py3-none-any.whl.metadata (8.4 kB)
#11 6.427 Collecting scikit-learn>=1.3 (from -r ./requirements.txt (line 8))
#11 6.449   Downloading scikit_learn-1.8.0-cp311-cp311-manylinux_2_27_x86_64.manylinux_2_28_x86_64.whl.metadata (11 kB)
#11 7.145 Collecting aiohttp>=3.9 (from -r ./requirements.txt (line 9))
#11 7.159   Downloading aiohttp-3.13.5-cp311-cp311-manylinux2014_x86_64.manylinux_2_17_x86_64.manylinux_2_28_x86_64.whl.metadata (8.1 kB)
#11 7.247 Collecting websockets<11,>=10 (from -r ./requirements.txt (line 10))
#11 7.262   Downloading websockets-10.4-cp311-cp311-manylinux_2_5_x86_64.manylinux1_x86_64.manylinux_2_17_x86_64.manylinux2014_x86_64.whl.metadata (6.4 kB)
#11 7.567 Collecting SQLAlchemy>=2.0 (from -r ./requirements.txt (line 11))
#11 7.579   Downloading sqlalchemy-2.0.49-cp311-cp311-manylinux2014_x86_64.manylinux_2_17_x86_64.manylinux_2_28_x86_64.whl.metadata (9.5 kB)
#11 7.611 Collecting python-dotenv>=1.0 (from -r ./requirements.txt (line 12))
#11 7.632   Downloading python_dotenv-1.2.2-py3-none-any.whl.metadata (27 kB)
#11 7.806 Collecting pydantic>=2.0 (from -r ./requirements.txt (line 13))
#11 7.822   Downloading pydantic-2.13.3-py3-none-any.whl.metadata (108 kB)
#11 7.880 Collecting joblib>=1.3 (from -r ./requirements.txt (line 14))
#11 7.894   Downloading joblib-1.5.3-py3-none-any.whl.metadata (5.5 kB)
#11 7.926 Collecting ta>=0.11 (from -r ./requirements.txt (line 15))
#11 7.943   Downloading ta-0.11.0.tar.gz (25 kB)
#11 7.951   Installing build dependencies: started
#11 9.242   Installing build dependencies: finished with status 'done'
#11 9.243   Getting requirements to build wheel: started
#11 9.857   Getting requirements to build wheel: finished with status 'done'
#11 9.859   Preparing metadata (pyproject.toml): started
#11 10.46   Preparing metadata (pyproject.toml): finished with status 'done'
#11 10.48 Collecting tzdata>=2024.1 (from -r ./requirements.txt (line 16))
#11 10.50   Downloading tzdata-2026.1-py2.py3-none-any.whl.metadata (1.4 kB)
#11 10.53 Collecting urllib3>=2.0 (from -r ./requirements.txt (line 17))
#11 10.56   Downloading urllib3-2.6.3-py3-none-any.whl.metadata (6.9 kB)
#11 10.59 Collecting pydantic-settings>=2.0 (from -r ./requirements.txt (line 18))
#11 10.61   Downloading pydantic_settings-2.14.0-py3-none-any.whl.metadata (3.4 kB)
#11 10.89 Collecting ccxt>=2.0 (from -r ./requirements.txt (line 19))
#11 10.91   Downloading ccxt-4.5.50-py2.py3-none-any.whl.metadata (142 kB)
#11 11.18 Collecting Pillow>=10.0 (from -r ./requirements.txt (line 22))
#11 11.20   Downloading pillow-12.2.0-cp311-cp311-manylinux_2_27_x86_64.manylinux_2_28_x86_64.whl.metadata (8.8 kB)
#11 11.22 Collecting qrcode>=7.4 (from -r ./requirements.txt (line 23))
#11 11.24   Downloading qrcode-8.2-py3-none-any.whl.metadata (17 kB)
#11 11.28 Collecting PySide6>=6.5 (from -r ./requirements.txt (line 24))
#11 11.30   Downloading pyside6-6.11.0-cp310-abi3-manylinux_2_34_x86_64.whl.metadata (5.3 kB)
#11 11.33 Collecting pyqtgraph>=0.13 (from -r ./requirements.txt (line 25))
#11 11.35   Downloading pyqtgraph-0.14.0-py3-none-any.whl.metadata (1.5 kB)
#11 11.39 Collecting qasync>=0.26 (from -r ./requirements.txt (line 26))
#11 11.41   Downloading qasync-0.28.0-py3-none-any.whl.metadata (4.6 kB)
#11 11.57 Collecting matplotlib>=3.7 (from -r ./requirements.txt (line 27))
#11 11.60   Downloading matplotlib-3.10.8-cp311-cp311-manylinux2014_x86_64.manylinux_2_17_x86_64.whl.metadata (52 kB)
#11 11.66 Collecting celery>=5.3 (from -r ./requirements.txt (line 30))
#11 11.68   Downloading celery-5.6.3-py3-none-any.whl.metadata (23 kB)
#11 11.72 Collecting redis>=5.0 (from -r ./requirements.txt (line 31))
#11 11.74   Downloading redis-7.4.0-py3-none-any.whl.metadata (12 kB)
#11 11.77 Collecting psycopg>=3.2 (from psycopg[binary]>=3.2->-r ./requirements.txt (line 34))
#11 11.78   Downloading psycopg-3.3.3-py3-none-any.whl.metadata (4.3 kB)
#11 11.83 Collecting PyJWT (from -r ./requirements.txt (line 35))
#11 11.86   Downloading pyjwt-2.12.1-py3-none-any.whl.metadata (4.1 kB)
#11 11.91 Collecting keyring (from -r ./requirements.txt (line 36))
#11 11.93   Downloading keyring-25.7.0-py3-none-any.whl.metadata (21 kB)
#11 11.95 Collecting python-dateutil>=2.8.2 (from pandas<3.0,>=2.0->-r ./requirements.txt (line 6))
#11 11.96   Downloading python_dateutil-2.9.0.post0-py2.py3-none-any.whl.metadata (8.4 kB)
#11 12.01 Collecting pytz>=2020.1 (from pandas<3.0,>=2.0->-r ./requirements.txt (line 6))
#11 12.03   Downloading pytz-2026.1.post1-py2.py3-none-any.whl.metadata (22 kB)
#11 12.06 Collecting exchange-calendars>=3.3 (from pandas-market-calendars>=4.4->-r ./requirements.txt (line 7))
#11 12.08   Downloading exchange_calendars-4.13.2-py3-none-any.whl.metadata (26 kB)
#11 12.24 Collecting scipy>=1.10.0 (from scikit-learn>=1.3->-r ./requirements.txt (line 8))
#11 12.26   Downloading scipy-1.17.1-cp311-cp311-manylinux_2_27_x86_64.manylinux_2_28_x86_64.whl.metadata (62 kB)
#11 12.31 Collecting threadpoolctl>=3.2.0 (from scikit-learn>=1.3->-r ./requirements.txt (line 8))
#11 12.33   Downloading threadpoolctl-3.6.0-py3-none-any.whl.metadata (13 kB)
#11 12.37 Collecting aiohappyeyeballs>=2.5.0 (from aiohttp>=3.9->-r ./requirements.txt (line 9))
#11 12.39   Downloading aiohappyeyeballs-2.6.1-py3-none-any.whl.metadata (5.9 kB)
#11 12.41 Collecting aiosignal>=1.4.0 (from aiohttp>=3.9->-r ./requirements.txt (line 9))
#11 12.43   Downloading aiosignal-1.4.0-py3-none-any.whl.metadata (3.7 kB)
#11 12.45 Collecting attrs>=17.3.0 (from aiohttp>=3.9->-r ./requirements.txt (line 9))
#11 12.46   Downloading attrs-26.1.0-py3-none-any.whl.metadata (8.8 kB)
#11 12.66 Collecting frozenlist>=1.1.1 (from aiohttp>=3.9->-r ./requirements.txt (line 9))
#11 12.67   Downloading frozenlist-1.8.0-cp311-cp311-manylinux1_x86_64.manylinux_2_28_x86_64.manylinux_2_5_x86_64.whl.metadata (20 kB)
#11 12.94 Collecting multidict<7.0,>=4.5 (from aiohttp>=3.9->-r ./requirements.txt (line 9))
#11 12.95   Downloading multidict-6.7.1-cp311-cp311-manylinux2014_x86_64.manylinux_2_17_x86_64.manylinux_2_28_x86_64.whl.metadata (5.3 kB)
#11 13.02 Collecting propcache>=0.2.0 (from aiohttp>=3.9->-r ./requirements.txt (line 9))
#11 13.04   Downloading propcache-0.4.1-cp311-cp311-manylinux2014_x86_64.manylinux_2_17_x86_64.manylinux_2_28_x86_64.whl.metadata (13 kB)
#11 13.49 Collecting yarl<2.0,>=1.17.0 (from aiohttp>=3.9->-r ./requirements.txt (line 9))
#11 13.51   Downloading yarl-1.23.0-cp311-cp311-manylinux2014_x86_64.manylinux_2_17_x86_64.manylinux_2_28_x86_64.whl.metadata (79 kB)
#11 13.54 Collecting idna>=2.0 (from yarl<2.0,>=1.17.0->aiohttp>=3.9->-r ./requirements.txt (line 9))
#11 13.56   Downloading idna-3.11-py3-none-any.whl.metadata (8.4 kB)
#11 13.70 Collecting greenlet>=1 (from SQLAlchemy>=2.0->-r ./requirements.txt (line 11))
#11 13.71   Downloading greenlet-3.4.0-cp311-cp311-manylinux_2_24_x86_64.manylinux_2_28_x86_64.whl.metadata (3.7 kB)
#11 13.74 Collecting typing-extensions>=4.6.0 (from SQLAlchemy>=2.0->-r ./requirements.txt (line 11))
#11 13.76   Downloading typing_extensions-4.15.0-py3-none-any.whl.metadata (3.3 kB)
#11 13.78 Collecting annotated-types>=0.6.0 (from pydantic>=2.0->-r ./requirements.txt (line 13))
#11 13.79   Downloading annotated_types-0.7.0-py3-none-any.whl.metadata (15 kB)
#11 14.74 Collecting pydantic-core==2.46.3 (from pydantic>=2.0->-r ./requirements.txt (line 13))
#11 14.76   Downloading pydantic_core-2.46.3-cp311-cp311-manylinux_2_17_x86_64.manylinux2014_x86_64.whl.metadata (6.6 kB)
#11 14.77 Collecting typing-inspection>=0.4.2 (from pydantic>=2.0->-r ./requirements.txt (line 13))
#11 14.79   Downloading typing_inspection-0.4.2-py3-none-any.whl.metadata (2.6 kB)
#11 14.80 Requirement already satisfied: setuptools>=60.9.0 in /usr/local/lib/python3.11/site-packages (from ccxt>=2.0->-r ./requirements.txt (line 19)) (82.0.1)
#11 14.83 Collecting certifi>=2018.1.18 (from ccxt>=2.0->-r ./requirements.txt (line 19))
#11 14.85   Downloading certifi-2026.2.25-py3-none-any.whl.metadata (2.5 kB)
#11 14.88 Collecting requests>=2.18.4 (from ccxt>=2.0->-r ./requirements.txt (line 19))
#11 14.90   Downloading requests-2.33.1-py3-none-any.whl.metadata (4.8 kB)
#11 15.10 Collecting cryptography>=2.6.1 (from ccxt>=2.0->-r ./requirements.txt (line 19))
#11 15.11   Downloading cryptography-46.0.7-cp311-abi3-manylinux_2_34_x86_64.whl.metadata (5.7 kB)
#11 15.14 Collecting aiodns>=1.1.1 (from ccxt>=2.0->-r ./requirements.txt (line 19))
#11 15.16   Downloading aiodns-4.0.0-py3-none-any.whl.metadata (7.7 kB)
#11 15.23 Collecting coincurve==21.0.0 (from ccxt>=2.0->-r ./requirements.txt (line 19))
#11 15.25   Downloading coincurve-21.0.0-cp311-cp311-manylinux_2_17_x86_64.manylinux2014_x86_64.whl.metadata (4.0 kB)
#11 15.29 Collecting shiboken6==6.11.0 (from PySide6>=6.5->-r ./requirements.txt (line 24))
#11 15.31   Downloading shiboken6-6.11.0-cp310-abi3-manylinux_2_34_x86_64.whl.metadata (2.4 kB)
#11 15.35 Collecting PySide6_Essentials==6.11.0 (from PySide6>=6.5->-r ./requirements.txt (line 24))
#11 15.36   Downloading pyside6_essentials-6.11.0-cp310-abi3-manylinux_2_34_x86_64.whl.metadata (3.6 kB)
#11 15.41 Collecting PySide6_Addons==6.11.0 (from PySide6>=6.5->-r ./requirements.txt (line 24))
#11 15.42   Downloading pyside6_addons-6.11.0-cp310-abi3-manylinux_2_34_x86_64.whl.metadata (4.0 kB)
#11 15.46 Collecting colorama (from pyqtgraph>=0.13->-r ./requirements.txt (line 25))
#11 15.48   Downloading colorama-0.4.6-py2.py3-none-any.whl.metadata (17 kB)
#11 15.59 Collecting contourpy>=1.0.1 (from matplotlib>=3.7->-r ./requirements.txt (line 27))
#11 15.60   Downloading contourpy-1.3.3-cp311-cp311-manylinux_2_27_x86_64.manylinux_2_28_x86_64.whl.metadata (5.5 kB)
#11 15.62 Collecting cycler>=0.10 (from matplotlib>=3.7->-r ./requirements.txt (line 27))
#11 15.63   Downloading cycler-0.12.1-py3-none-any.whl.metadata (3.8 kB)
#11 15.80 Collecting fonttools>=4.22.0 (from matplotlib>=3.7->-r ./requirements.txt (line 27))
#11 15.82   Downloading fonttools-4.62.1-cp311-cp311-manylinux2014_x86_64.manylinux_2_17_x86_64.whl.metadata (117 kB)
#11 15.91 Collecting kiwisolver>=1.3.1 (from matplotlib>=3.7->-r ./requirements.txt (line 27))
#11 15.93   Downloading kiwisolver-1.5.0-cp311-cp311-manylinux2014_x86_64.manylinux_2_17_x86_64.whl.metadata (5.1 kB)
#11 15.94 Requirement already satisfied: packaging>=20.0 in /usr/local/lib/python3.11/site-packages (from matplotlib>=3.7->-r ./requirements.txt (line 27)) (26.1)
#11 15.97 Collecting pyparsing>=3 (from matplotlib>=3.7->-r ./requirements.txt (line 27))
#11 15.98   Downloading pyparsing-3.3.2-py3-none-any.whl.metadata (5.8 kB)
#11 16.01 Collecting billiard<5.0,>=4.2.1 (from celery>=5.3->-r ./requirements.txt (line 30))
#11 16.03   Downloading billiard-4.2.4-py3-none-any.whl.metadata (4.8 kB)
#11 16.06 Collecting kombu>=5.6.0 (from celery>=5.3->-r ./requirements.txt (line 30))
#11 16.08   Downloading kombu-5.6.2-py3-none-any.whl.metadata (3.5 kB)
#11 16.10 Collecting vine<6.0,>=5.1.0 (from celery>=5.3->-r ./requirements.txt (line 30))
#11 16.12   Downloading vine-5.1.0-py3-none-any.whl.metadata (2.7 kB)
#11 16.14 Collecting click<9.0,>=8.1.2 (from celery>=5.3->-r ./requirements.txt (line 30))
#11 16.16   Downloading click-8.3.2-py3-none-any.whl.metadata (2.6 kB)
#11 16.18 Collecting click-didyoumean>=0.3.0 (from celery>=5.3->-r ./requirements.txt (line 30))
#11 16.20   Downloading click_didyoumean-0.3.1-py3-none-any.whl.metadata (3.9 kB)
#11 16.22 Collecting click-repl>=0.2.0 (from celery>=5.3->-r ./requirements.txt (line 30))
#11 16.24   Downloading click_repl-0.3.0-py3-none-any.whl.metadata (3.6 kB)
#11 16.26 Collecting click-plugins>=1.1.1 (from celery>=5.3->-r ./requirements.txt (line 30))
#11 16.27   Downloading click_plugins-1.1.1.2-py2.py3-none-any.whl.metadata (6.5 kB)
#11 16.30 Collecting tzlocal (from celery>=5.3->-r ./requirements.txt (line 30))
#11 16.32   Downloading tzlocal-5.3.1-py3-none-any.whl.metadata (7.6 kB)
#11 16.35 Collecting SecretStorage>=3.2 (from keyring->-r ./requirements.txt (line 36))
#11 16.36   Downloading secretstorage-3.5.0-py3-none-any.whl.metadata (4.0 kB)
#11 16.38 Collecting jeepney>=0.4.2 (from keyring->-r ./requirements.txt (line 36))
#11 16.39   Downloading jeepney-0.9.0-py3-none-any.whl.metadata (1.2 kB)
#11 16.43 Collecting importlib_metadata>=4.11.4 (from keyring->-r ./requirements.txt (line 36))
#11 16.44   Downloading importlib_metadata-9.0.0-py3-none-any.whl.metadata (4.5 kB)
#11 16.47 Collecting jaraco.classes (from keyring->-r ./requirements.txt (line 36))
#11 16.48   Downloading jaraco.classes-3.4.0-py3-none-any.whl.metadata (2.6 kB)
#11 16.50 Collecting jaraco.functools (from keyring->-r ./requirements.txt (line 36))
#11 16.52   Downloading jaraco_functools-4.4.0-py3-none-any.whl.metadata (3.0 kB)
#11 16.55 Collecting jaraco.context (from keyring->-r ./requirements.txt (line 36))
#11 16.56   Downloading jaraco_context-6.1.2-py3-none-any.whl.metadata (4.2 kB)
#11 16.65 Collecting pycares<6,>=5.0.0 (from aiodns>=1.1.1->ccxt>=2.0->-r ./requirements.txt (line 19))
#11 16.66   Downloading pycares-5.0.1-cp311-cp311-manylinux_2_26_x86_64.manylinux_2_28_x86_64.whl.metadata (4.1 kB)
#11 16.96 Collecting cffi>=1.5.0 (from pycares<6,>=5.0.0->aiodns>=1.1.1->ccxt>=2.0->-r ./requirements.txt (line 19))
#11 16.98   Downloading cffi-2.0.0-cp311-cp311-manylinux2014_x86_64.manylinux_2_17_x86_64.whl.metadata (2.6 kB)
#11 17.01 Collecting pycparser (from cffi>=1.5.0->pycares<6,>=5.0.0->aiodns>=1.1.1->ccxt>=2.0->-r ./requirements.txt (line 19))
#11 17.03   Downloading pycparser-3.0-py3-none-any.whl.metadata (8.2 kB)
#11 17.07 Collecting prompt-toolkit>=3.0.36 (from click-repl>=0.2.0->celery>=5.3->-r ./requirements.txt (line 30))
#11 17.08   Downloading prompt_toolkit-3.0.52-py3-none-any.whl.metadata (6.4 kB)
#11 17.11 Collecting pyluach>=2.3.0 (from exchange-calendars>=3.3->pandas-market-calendars>=4.4->-r ./requirements.txt (line 7))
#11 17.12   Downloading pyluach-2.3.0-py3-none-any.whl.metadata (4.3 kB)
#11 17.14 Collecting toolz>=1.0.0 (from exchange-calendars>=3.3->pandas-market-calendars>=4.4->-r ./requirements.txt (line 7))
#11 17.16   Downloading toolz-1.1.0-py3-none-any.whl.metadata (5.1 kB)
#11 17.17 Collecting korean_lunar_calendar>=0.3.1 (from exchange-calendars>=3.3->pandas-market-calendars>=4.4->-r ./requirements.txt (line 7))
#11 17.19   Downloading korean_lunar_calendar-0.3.1-py3-none-any.whl.metadata (2.8 kB)
#11 17.22 Collecting zipp>=3.20 (from importlib_metadata>=4.11.4->keyring->-r ./requirements.txt (line 36))
#11 17.24   Downloading zipp-3.23.1-py3-none-any.whl.metadata (3.6 kB)
#11 17.28 Collecting amqp<6.0.0,>=5.1.1 (from kombu>=5.6.0->celery>=5.3->-r ./requirements.txt (line 30))
#11 17.29   Downloading amqp-5.3.1-py3-none-any.whl.metadata (8.9 kB)
#11 17.32 Collecting wcwidth (from prompt-toolkit>=3.0.36->click-repl>=0.2.0->celery>=5.3->-r ./requirements.txt (line 30))
#11 17.34   Downloading wcwidth-0.6.0-py3-none-any.whl.metadata (30 kB)
#11 17.54 Collecting psycopg-binary==3.3.3 (from psycopg[binary]>=3.2->-r ./requirements.txt (line 34))
#11 17.56   Downloading psycopg_binary-3.3.3-cp311-cp311-manylinux2014_x86_64.manylinux_2_17_x86_64.whl.metadata (2.7 kB)
#11 17.58 Collecting six>=1.5 (from python-dateutil>=2.8.2->pandas<3.0,>=2.0->-r ./requirements.txt (line 6))
#11 17.60   Downloading six-1.17.0-py2.py3-none-any.whl.metadata (1.7 kB)
#11 17.71 Collecting charset_normalizer<4,>=2 (from requests>=2.18.4->ccxt>=2.0->-r ./requirements.txt (line 19))
#11 17.72   Downloading charset_normalizer-3.4.7-cp311-cp311-manylinux2014_x86_64.manylinux_2_17_x86_64.manylinux_2_28_x86_64.whl.metadata (40 kB)
#11 17.86 Collecting more-itertools (from jaraco.classes->keyring->-r ./requirements.txt (line 36))
#11 17.88   Downloading more_itertools-11.0.2-py3-none-any.whl.metadata (41 kB)
#11 17.91 Collecting backports.tarfile (from jaraco.context->keyring->-r ./requirements.txt (line 36))
#11 17.92   Downloading backports.tarfile-1.2.0-py3-none-any.whl.metadata (2.0 kB)
#11 17.98 Downloading numpy-1.26.4-cp311-cp311-manylinux_2_17_x86_64.manylinux2014_x86_64.whl (18.3 MB)
#11 20.79    ΓöüΓöüΓöüΓöüΓöüΓöüΓöüΓöüΓöüΓöüΓöüΓöüΓöüΓöüΓöüΓöüΓöüΓöüΓöüΓöüΓöüΓöüΓöüΓöüΓöüΓöüΓöüΓöüΓöüΓöüΓöüΓöüΓöüΓöüΓöüΓöüΓöüΓöüΓöüΓöü 18.3/18.3 MB 6.6 MB/s  0:00:02
#11 20.81 Downloading pandas-2.3.3-cp311-cp311-manylinux_2_24_x86_64.manylinux_2_28_x86_64.whl (12.8 MB)
#11 22.18    ΓöüΓöüΓöüΓöüΓöüΓöüΓöüΓöüΓöüΓöüΓöüΓöüΓöüΓöüΓöüΓöüΓöüΓöüΓöüΓöüΓöüΓöüΓöüΓöüΓöüΓöüΓöüΓöüΓöüΓöüΓöüΓöüΓöüΓöüΓöüΓöüΓöüΓöüΓöüΓöü 12.8/12.8 MB 9.5 MB/s  0:00:01
#11 22.20 Downloading websockets-10.4-cp311-cp311-manylinux_2_5_x86_64.manylinux1_x86_64.manylinux_2_17_x86_64.manylinux2014_x86_64.whl (107 kB)
#11 22.22 Downloading pandas_market_calendars-5.3.2-py3-none-any.whl (130 kB)
#11 22.25 Downloading scikit_learn-1.8.0-cp311-cp311-manylinux_2_27_x86_64.manylinux_2_28_x86_64.whl (9.1 MB)
#11 23.28    ΓöüΓöüΓöüΓöüΓöüΓöüΓöüΓöüΓöüΓöüΓöüΓöüΓöüΓöüΓöüΓöüΓöüΓöüΓöüΓöüΓöüΓöüΓöüΓöüΓöüΓöüΓöüΓöüΓöüΓöüΓöüΓöüΓöüΓöüΓöüΓöüΓöüΓöüΓöüΓöü 9.1/9.1 MB 8.9 MB/s  0:00:01
#11 23.30 Downloading aiohttp-3.13.5-cp311-cp311-manylinux2014_x86_64.manylinux_2_17_x86_64.manylinux_2_28_x86_64.whl (1.8 MB)
#11 23.47    ΓöüΓöüΓöüΓöüΓöüΓöüΓöüΓöüΓöüΓöüΓöüΓöüΓöüΓöüΓöüΓöüΓöüΓöüΓöüΓöüΓöüΓöüΓöüΓöüΓöüΓöüΓöüΓöüΓöüΓöüΓöüΓöüΓöüΓöüΓöüΓöüΓöüΓöüΓöüΓöü 1.8/1.8 MB 10.3 MB/s  0:00:00
#11 23.49 Downloading multidict-6.7.1-cp311-cp311-manylinux2014_x86_64.manylinux_2_17_x86_64.manylinux_2_28_x86_64.whl (246 kB)
#11 23.53 Downloading yarl-1.23.0-cp311-cp311-manylinux2014_x86_64.manylinux_2_17_x86_64.manylinux_2_28_x86_64.whl (102 kB)
#11 23.55 Downloading sqlalchemy-2.0.49-cp311-cp311-manylinux2014_x86_64.manylinux_2_17_x86_64.manylinux_2_28_x86_64.whl (3.3 MB)
#11 23.91    ΓöüΓöüΓöüΓöüΓöüΓöüΓöüΓöüΓöüΓöüΓöüΓöüΓöüΓöüΓöüΓöüΓöüΓöüΓöüΓöüΓöüΓöüΓöüΓöüΓöüΓöüΓöüΓöüΓöüΓöüΓöüΓöüΓöüΓöüΓöüΓöüΓöüΓöüΓöüΓöü 3.3/3.3 MB 9.0 MB/s  0:00:00
#11 23.93 Downloading python_dotenv-1.2.2-py3-none-any.whl (22 kB)
#11 23.94 Downloading pydantic-2.13.3-py3-none-any.whl (471 kB)
#11 24.00 Downloading pydantic_core-2.46.3-cp311-cp311-manylinux_2_17_x86_64.manylinux2014_x86_64.whl (2.1 MB)
#11 24.25    ΓöüΓöüΓöüΓöüΓöüΓöüΓöüΓöüΓöüΓöüΓöüΓöüΓöüΓöüΓöüΓöüΓöüΓöüΓöüΓöüΓöüΓöüΓöüΓöüΓöüΓöüΓöüΓöüΓöüΓöüΓöüΓöüΓöüΓöüΓöüΓöüΓöüΓöüΓöüΓöü 2.1/2.1 MB 8.4 MB/s  0:00:00
#11 24.27 Downloading joblib-1.5.3-py3-none-any.whl (309 kB)
#11 24.30 Downloading tzdata-2026.1-py2.py3-none-any.whl (348 kB)
#11 24.36 Downloading urllib3-2.6.3-py3-none-any.whl (131 kB)
#11 24.38 Downloading pydantic_settings-2.14.0-py3-none-any.whl (60 kB)
#11 24.41 Downloading ccxt-4.5.50-py2.py3-none-any.whl (6.6 MB)
#11 25.12    ΓöüΓöüΓöüΓöüΓöüΓöüΓöüΓöüΓöüΓöüΓöüΓöüΓöüΓöüΓöüΓöüΓöüΓöüΓöüΓöüΓöüΓöüΓöüΓöüΓöüΓöüΓöüΓöüΓöüΓöüΓöüΓöüΓöüΓöüΓöüΓöüΓöüΓöüΓöüΓöü 6.6/6.6 MB 9.2 MB/s  0:00:00
#11 25.14 Downloading coincurve-21.0.0-cp311-cp311-manylinux_2_17_x86_64.manylinux2014_x86_64.whl (1.6 MB)
#11 25.31    ΓöüΓöüΓöüΓöüΓöüΓöüΓöüΓöüΓöüΓöüΓöüΓöüΓöüΓöüΓöüΓöüΓöüΓöüΓöüΓöüΓöüΓöüΓöüΓöüΓöüΓöüΓöüΓöüΓöüΓöüΓöüΓöüΓöüΓöüΓöüΓöüΓöüΓöüΓöüΓöü 1.6/1.6 MB 9.7 MB/s  0:00:00
#11 25.33 Downloading pillow-12.2.0-cp311-cp311-manylinux_2_27_x86_64.manylinux_2_28_x86_64.whl (7.1 MB)
#11 26.17    ΓöüΓöüΓöüΓöüΓöüΓöüΓöüΓöüΓöüΓöüΓöüΓöüΓöüΓöüΓöüΓöüΓöüΓöüΓöüΓöüΓöüΓöüΓöüΓöüΓöüΓöüΓöüΓöüΓöüΓöüΓöüΓöüΓöüΓöüΓöüΓöüΓöüΓöüΓöüΓöü 7.1/7.1 MB 8.6 MB/s  0:00:00
#11 26.20 Downloading qrcode-8.2-py3-none-any.whl (45 kB)
#11 26.21 Downloading pyside6-6.11.0-cp310-abi3-manylinux_2_34_x86_64.whl (571 kB)
#11 26.29    ΓöüΓöüΓöüΓöüΓöüΓöüΓöüΓöüΓöüΓöüΓöüΓöüΓöüΓöüΓöüΓöüΓöüΓöüΓöüΓöüΓöüΓöüΓöüΓöüΓöüΓöüΓöüΓöüΓöüΓöüΓöüΓöüΓöüΓöüΓöüΓöüΓöüΓöüΓöüΓöü 571.7/571.7 kB 5.2 MB/s  0:00:00
#11 26.31 Downloading pyside6_addons-6.11.0-cp310-abi3-manylinux_2_34_x86_64.whl (174.9 MB)
#11 46.26    ΓöüΓöüΓöüΓöüΓöüΓöüΓöüΓöüΓöüΓöüΓöüΓöüΓöüΓöüΓöüΓöüΓöüΓöüΓöüΓöüΓöüΓöüΓöüΓöüΓöüΓöüΓöüΓöüΓöüΓöüΓöüΓöüΓöüΓöüΓöüΓöüΓöüΓöüΓöüΓöü 174.9/174.9 MB 8.8 MB/s  0:00:19
#11 46.28 Downloading pyside6_essentials-6.11.0-cp310-abi3-manylinux_2_34_x86_64.whl (78.3 MB)
#11 55.73    ΓöüΓöüΓöüΓöüΓöüΓöüΓöüΓöüΓöüΓöüΓöüΓöüΓöüΓöüΓöüΓöüΓöüΓöüΓöüΓöüΓöüΓöüΓöüΓöüΓöüΓöüΓöüΓöüΓöüΓöüΓöüΓöüΓöüΓöüΓöüΓöüΓöüΓöüΓöüΓöü 78.3/78.3 MB 8.3 MB/s  0:00:09
#11 55.75 Downloading shiboken6-6.11.0-cp310-abi3-manylinux_2_34_x86_64.whl (271 kB)
#11 55.82 Downloading pyqtgraph-0.14.0-py3-none-any.whl (1.9 MB)
#11 56.09    ΓöüΓöüΓöüΓöüΓöüΓöüΓöüΓöüΓöüΓöüΓöüΓöüΓöüΓöüΓöüΓöüΓöüΓöüΓöüΓöüΓöüΓöüΓöüΓöüΓöüΓöüΓöüΓöüΓöüΓöüΓöüΓöüΓöüΓöüΓöüΓöüΓöüΓöüΓöüΓöü 1.9/1.9 MB 7.7 MB/s  0:00:00
#11 56.10 Downloading qasync-0.28.0-py3-none-any.whl (16 kB)
#11 56.12 Downloading matplotlib-3.10.8-cp311-cp311-manylinux2014_x86_64.manylinux_2_17_x86_64.whl (8.7 MB)
#11 57.16    ΓöüΓöüΓöüΓöüΓöüΓöüΓöüΓöüΓöüΓöüΓöüΓöüΓöüΓöüΓöüΓöüΓöüΓöüΓöüΓöüΓöüΓöüΓöüΓöüΓöüΓöüΓöüΓöüΓöüΓöüΓöüΓöüΓöüΓöüΓöüΓöüΓöüΓöüΓöüΓöü 8.7/8.7 MB 8.3 MB/s  0:00:01
#11 57.18 Downloading celery-5.6.3-py3-none-any.whl (451 kB)
#11 57.24 Downloading billiard-4.2.4-py3-none-any.whl (87 kB)
#11 57.26 Downloading click-8.3.2-py3-none-any.whl (108 kB)
#11 57.29 Downloading vine-5.1.0-py3-none-any.whl (9.6 kB)
#11 57.31 Downloading redis-7.4.0-py3-none-any.whl (409 kB)
#11 57.35 Downloading psycopg-3.3.3-py3-none-any.whl (212 kB)
#11 57.40 Downloading pyjwt-2.12.1-py3-none-any.whl (29 kB)
#11 57.42 Downloading keyring-25.7.0-py3-none-any.whl (39 kB)
#11 57.43 Downloading aiodns-4.0.0-py3-none-any.whl (11 kB)
#11 57.45 Downloading pycares-5.0.1-cp311-cp311-manylinux_2_26_x86_64.manylinux_2_28_x86_64.whl (222 kB)
#11 57.48 Downloading aiohappyeyeballs-2.6.1-py3-none-any.whl (15 kB)
#11 57.50 Downloading aiosignal-1.4.0-py3-none-any.whl (7.5 kB)
#11 57.51 Downloading annotated_types-0.7.0-py3-none-any.whl (13 kB)
#11 57.54 Downloading attrs-26.1.0-py3-none-any.whl (67 kB)
#11 57.56 Downloading certifi-2026.2.25-py3-none-any.whl (153 kB)
#11 57.58 Downloading cffi-2.0.0-cp311-cp311-manylinux2014_x86_64.manylinux_2_17_x86_64.whl (215 kB)
#11 57.62 Downloading click_didyoumean-0.3.1-py3-none-any.whl (3.6 kB)
#11 57.64 Downloading click_plugins-1.1.1.2-py2.py3-none-any.whl (11 kB)
#11 57.65 Downloading click_repl-0.3.0-py3-none-any.whl (10 kB)
#11 57.67 Downloading contourpy-1.3.3-cp311-cp311-manylinux_2_27_x86_64.manylinux_2_28_x86_64.whl (355 kB)
#11 57.73 Downloading cryptography-46.0.7-cp311-abi3-manylinux_2_34_x86_64.whl (4.5 MB)
#11 58.23    ΓöüΓöüΓöüΓöüΓöüΓöüΓöüΓöüΓöüΓöüΓöüΓöüΓöüΓöüΓöüΓöüΓöüΓöüΓöüΓöüΓöüΓöüΓöüΓöüΓöüΓöüΓöüΓöüΓöüΓöüΓöüΓöüΓöüΓöüΓöüΓöüΓöüΓöüΓöüΓöü 4.5/4.5 MB 9.1 MB/s  0:00:00
#11 58.28 Downloading cycler-0.12.1-py3-none-any.whl (8.3 kB)
#11 58.31 Downloading exchange_calendars-4.13.2-py3-none-any.whl (213 kB)
#11 58.35 Downloading fonttools-4.62.1-cp311-cp311-manylinux2014_x86_64.manylinux_2_17_x86_64.whl (5.1 MB)
#11 58.98    ΓöüΓöüΓöüΓöüΓöüΓöüΓöüΓöüΓöüΓöüΓöüΓöüΓöüΓöüΓöüΓöüΓöüΓöüΓöüΓöüΓöüΓöüΓöüΓöüΓöüΓöüΓöüΓöüΓöüΓöüΓöüΓöüΓöüΓöüΓöüΓöüΓöüΓöüΓöüΓöü 5.1/5.1 MB 7.8 MB/s  0:00:00
#11 59.01 Downloading frozenlist-1.8.0-cp311-cp311-manylinux1_x86_64.manylinux_2_28_x86_64.manylinux_2_5_x86_64.whl (231 kB)
#11 59.05 Downloading greenlet-3.4.0-cp311-cp311-manylinux_2_24_x86_64.manylinux_2_28_x86_64.whl (613 kB)
#11 59.10    ΓöüΓöüΓöüΓöüΓöüΓöüΓöüΓöüΓöüΓöüΓöüΓöüΓöüΓöüΓöüΓöüΓöüΓöüΓöüΓöüΓöüΓöüΓöüΓöüΓöüΓöüΓöüΓöüΓöüΓöüΓöüΓöüΓöüΓöüΓöüΓöüΓöüΓöüΓöüΓöü 613.5/613.5 kB 15.9 MB/s  0:00:00
#11 59.13 Downloading idna-3.11-py3-none-any.whl (71 kB)
#11 59.15 Downloading importlib_metadata-9.0.0-py3-none-any.whl (27 kB)
#11 59.18 Downloading jeepney-0.9.0-py3-none-any.whl (49 kB)
#11 59.20 Downloading kiwisolver-1.5.0-cp311-cp311-manylinux2014_x86_64.manylinux_2_17_x86_64.whl (1.4 MB)
#11 59.38    ΓöüΓöüΓöüΓöüΓöüΓöüΓöüΓöüΓöüΓöüΓöüΓöüΓöüΓöüΓöüΓöüΓöüΓöüΓöüΓöüΓöüΓöüΓöüΓöüΓöüΓöüΓöüΓöüΓöüΓöüΓöüΓöüΓöüΓöüΓöüΓöüΓöüΓöüΓöüΓöü 1.4/1.4 MB 7.6 MB/s  0:00:00
#11 59.39 Downloading kombu-5.6.2-py3-none-any.whl (214 kB)
#11 59.43 Downloading amqp-5.3.1-py3-none-any.whl (50 kB)
#11 59.47 Downloading korean_lunar_calendar-0.3.1-py3-none-any.whl (9.0 kB)
#11 59.49 Downloading prompt_toolkit-3.0.52-py3-none-any.whl (391 kB)
#11 59.55 Downloading propcache-0.4.1-cp311-cp311-manylinux2014_x86_64.manylinux_2_17_x86_64.manylinux_2_28_x86_64.whl (210 kB)
#11 59.59 Downloading psycopg_binary-3.3.3-cp311-cp311-manylinux2014_x86_64.manylinux_2_17_x86_64.whl (5.2 MB)
#11 60.12    ΓöüΓöüΓöüΓöüΓöüΓöüΓöüΓöüΓöüΓöüΓöüΓöüΓöüΓöüΓöüΓöüΓöüΓöüΓöüΓöüΓöüΓöüΓöüΓöüΓöüΓöüΓöüΓöüΓöüΓöüΓöüΓöüΓöüΓöüΓöüΓöüΓöüΓöüΓöüΓöü 5.2/5.2 MB 9.8 MB/s  0:00:00
#11 60.13 Downloading pyluach-2.3.0-py3-none-any.whl (25 kB)
#11 60.14 Downloading pyparsing-3.3.2-py3-none-any.whl (122 kB)
#11 60.18 Downloading python_dateutil-2.9.0.post0-py2.py3-none-any.whl (229 kB)
#11 60.23 Downloading pytz-2026.1.post1-py2.py3-none-any.whl (510 kB)
#11 60.31 Downloading requests-2.33.1-py3-none-any.whl (64 kB)
#11 60.34 Downloading charset_normalizer-3.4.7-cp311-cp311-manylinux2014_x86_64.manylinux_2_17_x86_64.manylinux_2_28_x86_64.whl (214 kB)
#11 60.39 Downloading scipy-1.17.1-cp311-cp311-manylinux_2_27_x86_64.manylinux_2_28_x86_64.whl (35.3 MB)
#11 64.05    ΓöüΓöüΓöüΓöüΓöüΓöüΓöüΓöüΓöüΓöüΓöüΓöüΓöüΓöüΓöüΓöüΓöüΓöüΓöüΓöüΓöüΓöüΓöüΓöüΓöüΓöüΓöüΓöüΓöüΓöüΓöüΓöüΓöüΓöüΓöüΓöüΓöüΓöüΓöüΓöü 35.3/35.3 MB 9.7 MB/s  0:00:03
#11 64.07 Downloading secretstorage-3.5.0-py3-none-any.whl (15 kB)
#11 64.09 Downloading six-1.17.0-py2.py3-none-any.whl (11 kB)
#11 64.11 Downloading threadpoolctl-3.6.0-py3-none-any.whl (18 kB)
#11 64.13 Downloading toolz-1.1.0-py3-none-any.whl (58 kB)
#11 64.16 Downloading typing_extensions-4.15.0-py3-none-any.whl (44 kB)
#11 64.19 Downloading typing_inspection-0.4.2-py3-none-any.whl (14 kB)
#11 64.21 Downloading zipp-3.23.1-py3-none-any.whl (10 kB)
#11 64.23 Downloading colorama-0.4.6-py2.py3-none-any.whl (25 kB)
#11 64.24 Downloading jaraco.classes-3.4.0-py3-none-any.whl (6.8 kB)
#11 64.27 Downloading jaraco_context-6.1.2-py3-none-any.whl (7.9 kB)
#11 64.29 Downloading backports.tarfile-1.2.0-py3-none-any.whl (30 kB)
#11 64.32 Downloading jaraco_functools-4.4.0-py3-none-any.whl (10 kB)
#11 64.35 Downloading more_itertools-11.0.2-py3-none-any.whl (71 kB)
#11 64.38 Downloading pycparser-3.0-py3-none-any.whl (48 kB)
#11 64.40 Downloading tzlocal-5.3.1-py3-none-any.whl (18 kB)
#11 64.43 Downloading wcwidth-0.6.0-py3-none-any.whl (94 kB)
#11 65.41 Building wheels for collected packages: ta
#11 65.41   Building wheel for ta (pyproject.toml): started
#11 66.08   Building wheel for ta (pyproject.toml): finished with status 'done'
#11 66.08   Created wheel for ta: filename=ta-0.11.0-py3-none-any.whl size=29481 sha256=00a3e08c7565c95f7c985057d54ca69d8cd9e32aa295a0905eed97f13a1ec1d8
#11 66.08   Stored in directory: /tmp/pip-ephem-wheel-cache-7op2sl3s/wheels/a1/d7/29/7781cc5eb9a3659d032d7d15bdd0f49d07d2b24fec29f44bc4
#11 66.08 Successfully built ta
#11 66.28 Installing collected packages: pytz, korean_lunar_calendar, zipp, websockets, wcwidth, vine, urllib3, tzlocal, tzdata, typing-extensions, toolz, threadpoolctl, six, shiboken6, redis, qrcode, qasync, python-dotenv, pyparsing, pyluach, PyJWT, pycparser, psycopg-binary, propcache, Pillow, numpy, multidict, more-itertools, kiwisolver, joblib, jeepney, idna, greenlet, frozenlist, fonttools, cycler, colorama, coincurve, click, charset_normalizer, certifi, billiard, backports.tarfile, attrs, annotated-types, aiohappyeyeballs, yarl, typing-inspection, SQLAlchemy, scipy, requests, python-dateutil, PySide6_Essentials, pyqtgraph, pydantic-core, psycopg, prompt-toolkit, jaraco.functools, jaraco.context, jaraco.classes, importlib_metadata, contourpy, click-plugins, click-didyoumean, cffi, amqp, aiosignal, scikit-learn, PySide6_Addons, pydantic, pycares, pandas, matplotlib, kombu, cryptography, click-repl, aiohttp, ta, SecretStorage, PySide6, pydantic-settings, exchange-calendars, celery, aiodns, pandas-market-calendars, keyring, ccxt
#11 94.88 
#11 94.88 Successfully installed Pillow-12.2.0 PyJWT-2.12.1 PySide6-6.11.0 PySide6_Addons-6.11.0 PySide6_Essentials-6.11.0 SQLAlchemy-2.0.49 SecretStorage-3.5.0 aiodns-4.0.0 aiohappyeyeballs-2.6.1 aiohttp-3.13.5 aiosignal-1.4.0 amqp-5.3.1 annotated-types-0.7.0 attrs-26.1.0 backports.tarfile-1.2.0 billiard-4.2.4 ccxt-4.5.50 celery-5.6.3 certifi-2026.2.25 cffi-2.0.0 charset_normalizer-3.4.7 click-8.3.2 click-didyoumean-0.3.1 click-plugins-1.1.1.2 click-repl-0.3.0 coincurve-21.0.0 colorama-0.4.6 contourpy-1.3.3 cryptography-46.0.7 cycler-0.12.1 exchange-calendars-4.13.2 fonttools-4.62.1 frozenlist-1.8.0 greenlet-3.4.0 idna-3.11 importlib_metadata-9.0.0 jaraco.classes-3.4.0 jaraco.context-6.1.2 jaraco.functools-4.4.0 jeepney-0.9.0 joblib-1.5.3 keyring-25.7.0 kiwisolver-1.5.0 kombu-5.6.2 korean_lunar_calendar-0.3.1 matplotlib-3.10.8 more-itertools-11.0.2 multidict-6.7.1 numpy-1.26.4 pandas-2.3.3 pandas-market-calendars-5.3.2 prompt-toolkit-3.0.52 propcache-0.4.1 psycopg-3.3.3 psycopg-binary-3.3.3 pycares-5.0.1 pycparser-3.0 pydantic-2.13.3 pydantic-core-2.46.3 pydantic-settings-2.14.0 pyluach-2.3.0 pyparsing-3.3.2 pyqtgraph-0.14.0 python-dateutil-2.9.0.post0 python-dotenv-1.2.2 pytz-2026.1.post1 qasync-0.28.0 qrcode-8.2 redis-7.4.0 requests-2.33.1 scikit-learn-1.8.0 scipy-1.17.1 shiboken6-6.11.0 six-1.17.0 ta-0.11.0 threadpoolctl-3.6.0 toolz-1.1.0 typing-extensions-4.15.0 typing-inspection-0.4.2 tzdata-2026.1 tzlocal-5.3.1 urllib3-2.6.3 vine-5.1.0 wcwidth-0.6.0 websockets-10.4 yarl-1.23.0 zipp-3.23.1
#11 94.88 WARNING: Running pip as the 'root' user can result in broken permissions and conflicting behaviour with the system package manager, possibly rendering your system unusable. It is recommended to use a virtual environment instead: https://pip.pypa.io/warnings/venv. Use the --root-user-action option if you know what you are doing and want to suppress this warning.
#11 DONE 97.4s

#12 [10/10] RUN mkdir -p /app/data /app/logs /app/output &&     chmod +x /app/src/scripts/start_http_ui.sh 2>/dev/null || true
#12 DONE 0.4s

#13 exporting to image
#13 exporting layers
#13 exporting layers 48.8s done
#13 exporting manifest sha256:4976e69ad5521c36d0d641d98230f0c5c914c14db322cccc47ede3fd0be1e060 0.0s done
#13 exporting config sha256:a2136f94f9e4f3b4471bd4b6594ca148a9ed3adb57e93b0591469b74a4c79765 0.0s done
#13 exporting attestation manifest sha256:13abef4650782c259e9b159489a6509fe4d7adc9e7b5ff02b10e9bc3deef5bdf 0.0s done
#13 exporting manifest list sha256:7c997a4a8c7a5463c67e03f964698efe0d2dbc0dd7e233cb69718c98cc22e824
#13 exporting manifest list sha256:7c997a4a8c7a5463c67e03f964698efe0d2dbc0dd7e233cb69718c98cc22e824 0.0s done
#13 naming to docker.io/library/desktop-app:latest done
#13 unpacking to docker.io/library/desktop-app:latest
#13 unpacking to docker.io/library/desktop-app:latest 21.6s done
#13 DONE 70.6s

#14 resolving provenance for metadata file
#14 DONE 0.0s
 Image desktop-app Built 
 Network tradeadviser_desktop-network Creating 
 Network tradeadviser_desktop-network Error Error response from daemon: 
network with name tradeadviser_desktop-network already exists
 Container tradeadviser_desktop-db Creating 
 Container tradeadviser_desktop-db Error response from daemon: Conflict. The 
container name "/tradeadviser_desktop-db" is already in use by container 
"55b8521b05846e417e2728a421d355049993e81168649034c509b2d205d27319". You have 
to remove (or rename) that container to be able to reuse that name. 
Error response from daemon: Conflict. The container name 
"/tradeadviser_desktop-db" is already in use by container 
"55b8521b05846e417e2728a421d355049993e81168649034c509b2d205d27319". You have 
to remove (or rename) that container to be able to reuse that name.
